127.0.0.1 - - [29/Aug/2024:07:39:54 +0000] "POST /login HTTP/1.1" 200 453 "http://172.29.114.241:8080/" "Mozilla/5.0 (Windows NT 10.0; Win64; x64) AppleWebKit/537.36 (KHTML, like Gecko) Chrome/128.0.0.0 Safari/537.36 Edg/128.0.0.0"
127.0.0.1 - - [29/Aug/2024:07:39:55 +0000] "GET /public/images/avatar/1617424043992u=2409086564,4092922119&fm=26&gp=0.jpg HTTP/1.1" 200 36888 "http://172.29.114.241:8080/" "Mozilla/5.0 (Windows NT 10.0; Win64; x64) AppleWebKit/537.36 (KHTML, like Gecko) Chrome/128.0.0.0 Safari/537.36 Edg/128.0.0.0"
127.0.0.1 - - [29/Aug/2024:07:39:55 +0000] "GET /public/images/avatar/1724739684997am.jpg HTTP/1.1" 200 25373 "http://172.29.114.241:8080/" "Mozilla/5.0 (Windows NT 10.0; Win64; x64) AppleWebKit/537.36 (KHTML, like Gecko) Chrome/128.0.0.0 Safari/537.36 Edg/128.0.0.0"
127.0.0.1 - - [29/Aug/2024:07:39:55 +0000] "GET /public/images/avatar/1617424043992u=2409086564,4092922119&fm=26&gp=0.jpg HTTP/1.1" 304 - "http://localhost:8080/" "Mozilla/5.0 (Windows NT 10.0; Win64; x64) AppleWebKit/537.36 (KHTML, like Gecko) Chrome/128.0.0.0 Safari/537.36 Edg/128.0.0.0"
127.0.0.1 - - [29/Aug/2024:07:48:18 +0000] "GET /public/images/avatar/1724739684997am.jpg HTTP/1.1" 304 - "http://localhost:8080/" "Mozilla/5.0 (Windows NT 10.0; Win64; x64) AppleWebKit/537.36 (KHTML, like Gecko) Chrome/128.0.0.0 Safari/537.36 Edg/128.0.0.0"
127.0.0.1 - - [29/Aug/2024:07:51:11 +0000] "OPTIONS /login HTTP/1.1" 204 0 "http://192.168.1.102:8080/" "Mozilla/5.0 (Windows NT 10.0; Win64; x64) AppleWebKit/537.36 (KHTML, like Gecko) Chrome/128.0.0.0 Safari/537.36 Edg/128.0.0.0"
127.0.0.1 - - [29/Aug/2024:07:51:11 +0000] "POST /login HTTP/1.1" 200 403 "http://192.168.1.102:8080/" "Mozilla/5.0 (Windows NT 10.0; Win64; x64) AppleWebKit/537.36 (KHTML, like Gecko) Chrome/128.0.0.0 Safari/537.36 Edg/128.0.0.0"
127.0.0.1 - - [29/Aug/2024:07:51:25 +0000] "GET /public/images/avatar/1724739684997am.jpg HTTP/1.1" 200 25373 "http://192.168.1.102:8080/" "Mozilla/5.0 (Windows NT 10.0; Win64; x64) AppleWebKit/537.36 (KHTML, like Gecko) Chrome/128.0.0.0 Safari/537.36 Edg/128.0.0.0"
127.0.0.1 - - [29/Aug/2024:08:04:19 +0000] "OPTIONS /login HTTP/1.1" 204 0 "http://192.168.1.102:8080/" "Mozilla/5.0 (Windows NT 10.0; Win64; x64) AppleWebKit/537.36 (KHTML, like Gecko) Chrome/128.0.0.0 Safari/537.36 Edg/128.0.0.0"
127.0.0.1 - - [29/Aug/2024:08:04:19 +0000] "POST /login HTTP/1.1" 200 54 "http://192.168.1.102:8080/" "Mozilla/5.0 (Windows NT 10.0; Win64; x64) AppleWebKit/537.36 (KHTML, like Gecko) Chrome/128.0.0.0 Safari/537.36 Edg/128.0.0.0"
127.0.0.1 - - [29/Aug/2024:08:04:26 +0000] "OPTIONS /login HTTP/1.1" 204 0 "http://192.168.1.102:8080/" "Mozilla/5.0 (Windows NT 10.0; Win64; x64) AppleWebKit/537.36 (KHTML, like Gecko) Chrome/128.0.0.0 Safari/537.36 Edg/128.0.0.0"
127.0.0.1 - - [29/Aug/2024:08:04:26 +0000] "POST /login HTTP/1.1" 200 457 "http://192.168.1.102:8080/" "Mozilla/5.0 (Windows NT 10.0; Win64; x64) AppleWebKit/537.36 (KHTML, like Gecko) Chrome/128.0.0.0 Safari/537.36 Edg/128.0.0.0"
192.168.222.1 - - [29/Aug/2024:08:04:27 +0000] "GET /public/images/avatar/1617424043992u=2409086564,4092922119&fm=26&gp=0.jpg HTTP/1.1" 200 36888 "http://192.168.1.102:8080/" "Mozilla/5.0 (Windows NT 10.0; Win64; x64) AppleWebKit/537.36 (KHTML, like Gecko) Chrome/128.0.0.0 Safari/537.36 Edg/128.0.0.0"
127.0.0.1 - - [29/Aug/2024:08:04:46 +0000] "OPTIONS /login HTTP/1.1" 204 0 "http://192.168.1.102:8080/" "Mozilla/5.0 (Windows NT 10.0; Win64; x64) AppleWebKit/537.36 (KHTML, like Gecko) Chrome/128.0.0.0 Safari/537.36 Edg/128.0.0.0"
127.0.0.1 - - [29/Aug/2024:08:04:46 +0000] "POST /login HTTP/1.1" 200 407 "http://192.168.1.102:8080/" "Mozilla/5.0 (Windows NT 10.0; Win64; x64) AppleWebKit/537.36 (KHTML, like Gecko) Chrome/128.0.0.0 Safari/537.36 Edg/128.0.0.0"
192.168.222.1 - - [29/Aug/2024:08:04:46 +0000] "GET /public/images/avatar/1724739684997am.jpg HTTP/1.1" 200 25373 "http://192.168.1.102:8080/" "Mozilla/5.0 (Windows NT 10.0; Win64; x64) AppleWebKit/537.36 (KHTML, like Gecko) Chrome/128.0.0.0 Safari/537.36 Edg/128.0.0.0"
192.168.222.1 - - [29/Aug/2024:08:07:19 +0000] "GET /public/images/avatar/1724739684997am.jpg HTTP/1.1" 304 - "http://192.168.1.102:8080/" "Mozilla/5.0 (Windows NT 10.0; Win64; x64) AppleWebKit/537.36 (KHTML, like Gecko) Chrome/128.0.0.0 Safari/537.36 Edg/128.0.0.0"
192.168.222.1 - - [29/Aug/2024:08:08:21 +0000] "GET /public/images/avatar/1724739684997am.jpg HTTP/1.1" 304 - "http://192.168.1.102:8080/" "Mozilla/5.0 (Windows NT 10.0; Win64; x64) AppleWebKit/537.36 (KHTML, like Gecko) Chrome/128.0.0.0 Safari/537.36 Edg/128.0.0.0"
192.168.222.1 - - [29/Aug/2024:08:11:09 +0000] "OPTIONS /login HTTP/1.1" 204 0 "http://192.168.1.102:8080/" "Mozilla/5.0 (Windows NT 10.0; Win64; x64) AppleWebKit/537.36 (KHTML, like Gecko) Chrome/128.0.0.0 Safari/537.36 Edg/128.0.0.0"
192.168.222.1 - - [29/Aug/2024:08:11:09 +0000] "POST /login HTTP/1.1" 200 54 "http://192.168.1.102:8080/" "Mozilla/5.0 (Windows NT 10.0; Win64; x64) AppleWebKit/537.36 (KHTML, like Gecko) Chrome/128.0.0.0 Safari/537.36 Edg/128.0.0.0"
192.168.222.1 - - [29/Aug/2024:08:11:20 +0000] "OPTIONS /login HTTP/1.1" 204 0 "http://192.168.1.102:8080/" "Mozilla/5.0 (Windows NT 10.0; Win64; x64) AppleWebKit/537.36 (KHTML, like Gecko) Chrome/128.0.0.0 Safari/537.36 Edg/128.0.0.0"
192.168.222.1 - - [29/Aug/2024:08:11:20 +0000] "POST /login HTTP/1.1" 200 407 "http://192.168.1.102:8080/" "Mozilla/5.0 (Windows NT 10.0; Win64; x64) AppleWebKit/537.36 (KHTML, like Gecko) Chrome/128.0.0.0 Safari/537.36 Edg/128.0.0.0"
192.168.222.1 - - [29/Aug/2024:08:11:20 +0000] "GET /public/images/avatar/1724739684997am.jpg HTTP/1.1" 304 - "http://192.168.1.102:8080/" "Mozilla/5.0 (Windows NT 10.0; Win64; x64) AppleWebKit/537.36 (KHTML, like Gecko) Chrome/128.0.0.0 Safari/537.36 Edg/128.0.0.0"
192.168.222.1 - - [29/Aug/2024:08:23:43 +0000] "GET / HTTP/1.1" 200 12 "-" "Mozilla/5.0 (Windows NT 10.0; Win64; x64) AppleWebKit/537.36 (KHTML, like Gecko) Chrome/128.0.0.0 Safari/537.36 Edg/128.0.0.0"
192.168.222.1 - - [29/Aug/2024:08:23:44 +0000] "GET /favicon.ico HTTP/1.1" 404 150 "http://192.168.222.1:4000/" "Mozilla/5.0 (Windows NT 10.0; Win64; x64) AppleWebKit/537.36 (KHTML, like Gecko) Chrome/128.0.0.0 Safari/537.36 Edg/128.0.0.0"
192.168.222.1 - - [29/Aug/2024:08:25:13 +0000] "GET / HTTP/1.1" 304 - "-" "Mozilla/5.0 (Windows NT 10.0; Win64; x64) AppleWebKit/537.36 (KHTML, like Gecko) Chrome/128.0.0.0 Safari/537.36 Edg/128.0.0.0"
192.168.222.1 - - [29/Aug/2024:08:36:05 +0000] "GET / HTTP/1.1" 304 - "-" "Mozilla/5.0 (Windows NT 10.0; Win64; x64) AppleWebKit/537.36 (KHTML, like Gecko) Chrome/128.0.0.0 Safari/537.36 Edg/128.0.0.0"
192.168.222.1 - - [29/Aug/2024:08:39:26 +0000] "GET / HTTP/1.1" 200 12 "-" "curl/8.7.1"
192.168.222.1 - - [29/Aug/2024:08:42:55 +0000] "GET / HTTP/1.1" 304 - "-" "Mozilla/5.0 (Windows NT 10.0; Win64; x64) AppleWebKit/537.36 (KHTML, like Gecko) Chrome/128.0.0.0 Safari/537.36 Edg/128.0.0.0"
192.168.222.1 - - [29/Aug/2024:08:53:30 +0000] "GET / HTTP/1.1" 304 - "-" "Mozilla/5.0 (Windows NT 10.0; Win64; x64) AppleWebKit/537.36 (KHTML, like Gecko) Chrome/128.0.0.0 Safari/537.36 Edg/128.0.0.0"
172.29.153.151 - - [29/Aug/2024:08:54:15 +0000] "GET / HTTP/1.1" 304 - "-" "Mozilla/5.0 (X11; Linux x86_64) AppleWebKit/537.36 (KHTML, like Gecko) Chrome/127.0.0.0 Safari/537.36 Edg/127.0.2651.102"
172.29.153.151 - - [29/Aug/2024:08:54:15 +0000] "GET /favicon.ico HTTP/1.1" 404 150 "http://172.29.114.241:4000/" "Mozilla/5.0 (X11; Linux x86_64) AppleWebKit/537.36 (KHTML, like Gecko) Chrome/127.0.0.0 Safari/537.36 Edg/127.0.2651.102"
172.29.153.151 - - [29/Aug/2024:08:54:26 +0000] "GET / HTTP/1.1" 304 - "-" "Mozilla/5.0 (X11; Linux x86_64) AppleWebKit/537.36 (KHTML, like Gecko) Chrome/127.0.0.0 Safari/537.36 Edg/127.0.2651.102"
192.168.222.1 - - [29/Aug/2024:08:54:40 +0000] "OPTIONS /login HTTP/1.1" 204 0 "http://172.29.114.241:5000/" "Mozilla/5.0 (Windows NT 10.0; Win64; x64) AppleWebKit/537.36 (KHTML, like Gecko) Chrome/128.0.0.0 Safari/537.36 Edg/128.0.0.0"
192.168.222.1 - - [29/Aug/2024:08:54:40 +0000] "POST /login HTTP/1.1" 200 408 "http://172.29.114.241:5000/" "Mozilla/5.0 (Windows NT 10.0; Win64; x64) AppleWebKit/537.36 (KHTML, like Gecko) Chrome/128.0.0.0 Safari/537.36 Edg/128.0.0.0"
172.29.114.241 - - [29/Aug/2024:08:54:41 +0000] "GET /public/images/avatar/1724739684997am.jpg HTTP/1.1" 200 25373 "http://172.29.114.241:5000/" "Mozilla/5.0 (Windows NT 10.0; Win64; x64) AppleWebKit/537.36 (KHTML, like Gecko) Chrome/128.0.0.0 Safari/537.36 Edg/128.0.0.0"
192.168.222.1 - - [29/Aug/2024:08:55:08 +0000] "OPTIONS /login HTTP/1.1" 204 0 "http://localhost:8080/" "Mozilla/5.0 (Windows NT 10.0; Win64; x64) AppleWebKit/537.36 (KHTML, like Gecko) Chrome/128.0.0.0 Safari/537.36 Edg/128.0.0.0"
192.168.222.1 - - [29/Aug/2024:08:55:08 +0000] "POST /login HTTP/1.1" 200 408 "http://localhost:8080/" "Mozilla/5.0 (Windows NT 10.0; Win64; x64) AppleWebKit/537.36 (KHTML, like Gecko) Chrome/128.0.0.0 Safari/537.36 Edg/128.0.0.0"
172.29.114.241 - - [29/Aug/2024:08:55:08 +0000] "GET /public/images/avatar/1724739684997am.jpg HTTP/1.1" 200 25373 "http://localhost:8080/" "Mozilla/5.0 (Windows NT 10.0; Win64; x64) AppleWebKit/537.36 (KHTML, like Gecko) Chrome/128.0.0.0 Safari/537.36 Edg/128.0.0.0"
172.29.114.241 - - [29/Aug/2024:08:56:49 +0000] "GET /public/images/avatar/1724739684997am.jpg HTTP/1.1" 304 - "http://localhost:8080/" "Mozilla/5.0 (Windows NT 10.0; Win64; x64) AppleWebKit/537.36 (KHTML, like Gecko) Chrome/128.0.0.0 Safari/537.36 Edg/128.0.0.0"
172.29.153.151 - - [29/Aug/2024:08:56:58 +0000] "OPTIONS /login HTTP/1.1" 204 0 "http://172.29.114.241:8080/" "Mozilla/5.0 (X11; Linux x86_64) AppleWebKit/537.36 (KHTML, like Gecko) Chrome/127.0.0.0 Safari/537.36 Edg/127.0.2651.102"
172.29.153.151 - - [29/Aug/2024:08:56:58 +0000] "POST /login HTTP/1.1" 200 54 "http://172.29.114.241:8080/" "Mozilla/5.0 (X11; Linux x86_64) AppleWebKit/537.36 (KHTML, like Gecko) Chrome/127.0.0.0 Safari/537.36 Edg/127.0.2651.102"
172.29.153.151 - - [29/Aug/2024:08:57:05 +0000] "OPTIONS /login HTTP/1.1" 204 0 "http://172.29.114.241:8080/" "Mozilla/5.0 (X11; Linux x86_64) AppleWebKit/537.36 (KHTML, like Gecko) Chrome/127.0.0.0 Safari/537.36 Edg/127.0.2651.102"
172.29.153.151 - - [29/Aug/2024:08:57:05 +0000] "POST /login HTTP/1.1" 200 458 "http://172.29.114.241:8080/" "Mozilla/5.0 (X11; Linux x86_64) AppleWebKit/537.36 (KHTML, like Gecko) Chrome/127.0.0.0 Safari/537.36 Edg/127.0.2651.102"
172.29.114.241 - - [29/Aug/2024:08:57:05 +0000] "GET /public/images/avatar/1617424043992u=2409086564,4092922119&fm=26&gp=0.jpg HTTP/1.1" 200 36888 "http://localhost:8080/" "Mozilla/5.0 (Windows NT 10.0; Win64; x64) AppleWebKit/537.36 (KHTML, like Gecko) Chrome/128.0.0.0 Safari/537.36 Edg/128.0.0.0"
172.29.153.151 - - [29/Aug/2024:08:57:06 +0000] "GET /public/images/avatar/1617424043992u=2409086564,4092922119&fm=26&gp=0.jpg HTTP/1.1" 200 36888 "http://172.29.114.241:8080/" "Mozilla/5.0 (X11; Linux x86_64) AppleWebKit/537.36 (KHTML, like Gecko) Chrome/127.0.0.0 Safari/537.36 Edg/127.0.2651.102"
172.29.153.151 - - [29/Aug/2024:08:57:06 +0000] "GET /public/images/avatar/1724739684997am.jpg HTTP/1.1" 200 25373 "http://172.29.114.241:8080/" "Mozilla/5.0 (X11; Linux x86_64) AppleWebKit/537.36 (KHTML, like Gecko) Chrome/127.0.0.0 Safari/537.36 Edg/127.0.2651.102"
192.168.222.1 - - [29/Aug/2024:09:04:52 +0000] "GET / HTTP/1.1" 304 - "-" "Mozilla/5.0 (Windows NT 10.0; Win64; x64) AppleWebKit/537.36 (KHTML, like Gecko) Chrome/128.0.0.0 Safari/537.36 Edg/128.0.0.0"
192.168.222.1 - - [29/Aug/2024:09:05:08 +0000] "GET / HTTP/1.1" 304 - "-" "Mozilla/5.0 (Windows NT 10.0; Win64; x64) AppleWebKit/537.36 (KHTML, like Gecko) Chrome/128.0.0.0 Safari/537.36 Edg/128.0.0.0"
10.141.42.4 - - [29/Aug/2024:09:36:10 +0000] "GET / HTTP/1.1" 304 - "-" "Mozilla/5.0 (X11; Linux x86_64) AppleWebKit/537.36 (KHTML, like Gecko) Chrome/127.0.0.0 Safari/537.36 Edg/127.0.2651.102"
10.141.42.4 - - [29/Aug/2024:09:36:10 +0000] "GET /favicon.ico HTTP/1.1" 404 150 "http://172.29.114.241:4000/" "Mozilla/5.0 (X11; Linux x86_64) AppleWebKit/537.36 (KHTML, like Gecko) Chrome/127.0.0.0 Safari/537.36 Edg/127.0.2651.102"
192.168.222.1 - - [29/Aug/2024:09:36:49 +0000] "OPTIONS /login HTTP/1.1" 204 0 "http://172.29.114.241:8080/" "Mozilla/5.0 (Windows NT 10.0; Win64; x64) AppleWebKit/537.36 (KHTML, like Gecko) Chrome/128.0.0.0 Safari/537.36 Edg/128.0.0.0"
192.168.222.1 - - [29/Aug/2024:09:36:49 +0000] "POST /login HTTP/1.1" 200 408 "http://172.29.114.241:8080/" "Mozilla/5.0 (Windows NT 10.0; Win64; x64) AppleWebKit/537.36 (KHTML, like Gecko) Chrome/128.0.0.0 Safari/537.36 Edg/128.0.0.0"
172.29.114.241 - - [29/Aug/2024:09:36:49 +0000] "GET /public/images/avatar/1724739684997am.jpg HTTP/1.1" 200 25373 "http://172.29.114.241:8080/" "Mozilla/5.0 (Windows NT 10.0; Win64; x64) AppleWebKit/537.36 (KHTML, like Gecko) Chrome/128.0.0.0 Safari/537.36 Edg/128.0.0.0"
172.29.114.241 - - [29/Aug/2024:09:37:21 +0000] "GET /public/images/avatar/1724739684997am.jpg HTTP/1.1" 304 - "http://172.29.114.241:8080/" "Mozilla/5.0 (Windows NT 10.0; Win64; x64) AppleWebKit/537.36 (KHTML, like Gecko) Chrome/128.0.0.0 Safari/537.36 Edg/128.0.0.0"
10.141.42.4 - - [29/Aug/2024:09:37:26 +0000] "OPTIONS /login HTTP/1.1" 204 0 "http://172.29.114.241:8080/" "Mozilla/5.0 (X11; Linux x86_64) AppleWebKit/537.36 (KHTML, like Gecko) Chrome/127.0.0.0 Safari/537.36 Edg/127.0.2651.102"
10.141.42.4 - - [29/Aug/2024:09:37:26 +0000] "POST /login HTTP/1.1" 200 458 "http://172.29.114.241:8080/" "Mozilla/5.0 (X11; Linux x86_64) AppleWebKit/537.36 (KHTML, like Gecko) Chrome/127.0.0.0 Safari/537.36 Edg/127.0.2651.102"
172.29.114.241 - - [29/Aug/2024:09:37:26 +0000] "GET /public/images/avatar/1617424043992u=2409086564,4092922119&fm=26&gp=0.jpg HTTP/1.1" 200 36888 "http://172.29.114.241:8080/" "Mozilla/5.0 (Windows NT 10.0; Win64; x64) AppleWebKit/537.36 (KHTML, like Gecko) Chrome/128.0.0.0 Safari/537.36 Edg/128.0.0.0"
10.141.42.4 - - [29/Aug/2024:09:37:26 +0000] "GET /public/images/avatar/1724739684997am.jpg HTTP/1.1" 304 - "http://172.29.114.241:8080/" "Mozilla/5.0 (X11; Linux x86_64) AppleWebKit/537.36 (KHTML, like Gecko) Chrome/127.0.0.0 Safari/537.36 Edg/127.0.2651.102"
10.141.42.4 - - [29/Aug/2024:09:37:26 +0000] "GET /public/images/avatar/1617424043992u=2409086564,4092922119&fm=26&gp=0.jpg HTTP/1.1" 304 - "http://172.29.114.241:8080/" "Mozilla/5.0 (X11; Linux x86_64) AppleWebKit/537.36 (KHTML, like Gecko) Chrome/127.0.0.0 Safari/537.36 Edg/127.0.2651.102"
172.29.114.241 - - [29/Aug/2024:09:38:26 +0000] "GET /public/images/avatar/1724739684997am.jpg HTTP/1.1" 304 - "http://172.29.114.241:8080/" "Mozilla/5.0 (Windows NT 10.0; Win64; x64) AppleWebKit/537.36 (KHTML, like Gecko) Chrome/128.0.0.0 Safari/537.36 Edg/128.0.0.0"
172.29.114.241 - - [29/Aug/2024:09:38:26 +0000] "GET /public/images/avatar/1617424043992u=2409086564,4092922119&fm=26&gp=0.jpg HTTP/1.1" 304 - "http://172.29.114.241:8080/" "Mozilla/5.0 (Windows NT 10.0; Win64; x64) AppleWebKit/537.36 (KHTML, like Gecko) Chrome/128.0.0.0 Safari/537.36 Edg/128.0.0.0"
10.141.42.4 - - [29/Aug/2024:09:38:26 +0000] "GET /public/images/avatar/1617424043992u=2409086564,4092922119&fm=26&gp=0.jpg HTTP/1.1" 304 - "http://172.29.114.241:8080/" "Mozilla/5.0 (X11; Linux x86_64) AppleWebKit/537.36 (KHTML, like Gecko) Chrome/127.0.0.0 Safari/537.36 Edg/127.0.2651.102"
10.141.42.4 - - [29/Aug/2024:09:38:26 +0000] "GET /public/images/avatar/1724739684997am.jpg HTTP/1.1" 304 - "http://172.29.114.241:8080/" "Mozilla/5.0 (X11; Linux x86_64) AppleWebKit/537.36 (KHTML, like Gecko) Chrome/127.0.0.0 Safari/537.36 Edg/127.0.2651.102"
10.141.42.4 - - [29/Aug/2024:09:40:33 +0000] "GET /public/images/avatar/1617424043992u=2409086564,4092922119&fm=26&gp=0.jpg HTTP/1.1" 304 - "http://172.29.114.241:8080/" "Mozilla/5.0 (X11; Linux x86_64) AppleWebKit/537.36 (KHTML, like Gecko) Chrome/127.0.0.0 Safari/537.36 Edg/127.0.2651.102"
172.29.114.241 - - [29/Aug/2024:09:40:46 +0000] "OPTIONS /login HTTP/1.1" 204 0 "http://172.29.114.241:8080/" "Mozilla/5.0 (Windows NT 10.0; Win64; x64) AppleWebKit/537.36 (KHTML, like Gecko) Chrome/128.0.0.0 Safari/537.36 Edg/128.0.0.0"
172.29.114.241 - - [29/Aug/2024:09:40:46 +0000] "POST /login HTTP/1.1" 200 408 "http://172.29.114.241:8080/" "Mozilla/5.0 (Windows NT 10.0; Win64; x64) AppleWebKit/537.36 (KHTML, like Gecko) Chrome/128.0.0.0 Safari/537.36 Edg/128.0.0.0"
172.29.114.241 - - [29/Aug/2024:09:40:46 +0000] "GET /public/images/avatar/1724739684997am.jpg HTTP/1.1" 304 - "http://172.29.114.241:8080/" "Mozilla/5.0 (Windows NT 10.0; Win64; x64) AppleWebKit/537.36 (KHTML, like Gecko) Chrome/128.0.0.0 Safari/537.36 Edg/128.0.0.0"
172.29.114.241 - - [29/Aug/2024:09:40:46 +0000] "GET /public/images/avatar/1617424043992u=2409086564,4092922119&fm=26&gp=0.jpg HTTP/1.1" 304 - "http://172.29.114.241:8080/" "Mozilla/5.0 (Windows NT 10.0; Win64; x64) AppleWebKit/537.36 (KHTML, like Gecko) Chrome/128.0.0.0 Safari/537.36 Edg/128.0.0.0"
10.141.42.4 - - [29/Aug/2024:09:40:46 +0000] "GET /public/images/avatar/1724739684997am.jpg HTTP/1.1" 304 - "http://172.29.114.241:8080/" "Mozilla/5.0 (X11; Linux x86_64) AppleWebKit/537.36 (KHTML, like Gecko) Chrome/127.0.0.0 Safari/537.36 Edg/127.0.2651.102"
172.29.114.241 - - [29/Aug/2024:09:40:54 +0000] "OPTIONS /login HTTP/1.1" 204 0 "http://172.29.114.241:8080/" "Mozilla/5.0 (Windows NT 10.0; Win64; x64) AppleWebKit/537.36 (KHTML, like Gecko) Chrome/128.0.0.0 Safari/537.36 Edg/128.0.0.0"
172.29.114.241 - - [29/Aug/2024:09:40:54 +0000] "POST /login HTTP/1.1" 200 425 "http://172.29.114.241:8080/" "Mozilla/5.0 (Windows NT 10.0; Win64; x64) AppleWebKit/537.36 (KHTML, like Gecko) Chrome/128.0.0.0 Safari/537.36 Edg/128.0.0.0"
172.29.114.241 - - [29/Aug/2024:09:40:54 +0000] "GET /public/images/avatar/16203527895041620352789458.png HTTP/1.1" 200 97749 "http://172.29.114.241:8080/" "Mozilla/5.0 (Windows NT 10.0; Win64; x64) AppleWebKit/537.36 (KHTML, like Gecko) Chrome/128.0.0.0 Safari/537.36 Edg/128.0.0.0"
172.29.114.241 - - [29/Aug/2024:09:40:54 +0000] "GET /public/images/avatar/16203527895041620352789458.png HTTP/1.1" 304 - "http://172.29.114.241:8080/" "Mozilla/5.0 (Windows NT 10.0; Win64; x64) AppleWebKit/537.36 (KHTML, like Gecko) Chrome/128.0.0.0 Safari/537.36 Edg/128.0.0.0"
172.29.114.241 - - [29/Aug/2024:09:40:54 +0000] "GET /public/images/avatar/1617424043992u=2409086564,4092922119&fm=26&gp=0.jpg HTTP/1.1" 304 - "http://172.29.114.241:8080/" "Mozilla/5.0 (Windows NT 10.0; Win64; x64) AppleWebKit/537.36 (KHTML, like Gecko) Chrome/128.0.0.0 Safari/537.36 Edg/128.0.0.0"
172.29.114.241 - - [29/Aug/2024:09:40:54 +0000] "GET /public/images/avatar/1724739684997am.jpg HTTP/1.1" 304 - "http://172.29.114.241:8080/" "Mozilla/5.0 (Windows NT 10.0; Win64; x64) AppleWebKit/537.36 (KHTML, like Gecko) Chrome/128.0.0.0 Safari/537.36 Edg/128.0.0.0"
10.141.42.4 - - [29/Aug/2024:09:40:54 +0000] "GET /public/images/avatar/16203527895041620352789458.png HTTP/1.1" 200 97749 "http://172.29.114.241:8080/" "Mozilla/5.0 (X11; Linux x86_64) AppleWebKit/537.36 (KHTML, like Gecko) Chrome/127.0.0.0 Safari/537.36 Edg/127.0.2651.102"
172.29.114.241 - - [29/Aug/2024:09:54:40 +0000] "OPTIONS /login HTTP/1.1" 204 0 "http://localhost:8080/" "Mozilla/5.0 (Windows NT 10.0; Win64; x64) AppleWebKit/537.36 (KHTML, like Gecko) Chrome/128.0.0.0 Safari/537.36 Edg/128.0.0.0"
172.29.114.241 - - [29/Aug/2024:09:54:40 +0000] "POST /login HTTP/1.1" 200 425 "http://localhost:8080/" "Mozilla/5.0 (Windows NT 10.0; Win64; x64) AppleWebKit/537.36 (KHTML, like Gecko) Chrome/128.0.0.0 Safari/537.36 Edg/128.0.0.0"
172.29.114.241 - - [29/Aug/2024:09:54:40 +0000] "GET /public/images/avatar/1617424043992u=2409086564,4092922119&fm=26&gp=0.jpg HTTP/1.1" 200 36888 "http://localhost:8080/" "Mozilla/5.0 (Windows NT 10.0; Win64; x64) AppleWebKit/537.36 (KHTML, like Gecko) Chrome/128.0.0.0 Safari/537.36 Edg/128.0.0.0"
172.29.114.241 - - [29/Aug/2024:09:54:40 +0000] "GET /public/images/avatar/16203527895041620352789458.png HTTP/1.1" 200 97749 "http://localhost:8080/" "Mozilla/5.0 (Windows NT 10.0; Win64; x64) AppleWebKit/537.36 (KHTML, like Gecko) Chrome/128.0.0.0 Safari/537.36 Edg/128.0.0.0"
172.29.114.241 - - [29/Aug/2024:09:54:40 +0000] "GET /public/images/avatar/1724739684997am.jpg HTTP/1.1" 200 25373 "http://localhost:8080/" "Mozilla/5.0 (Windows NT 10.0; Win64; x64) AppleWebKit/537.36 (KHTML, like Gecko) Chrome/128.0.0.0 Safari/537.36 Edg/128.0.0.0"
10.141.42.4 - - [29/Aug/2024:09:56:02 +0000] "GET /public/images/avatar/1724739684997am.jpg HTTP/1.1" 304 - "http://172.29.114.241:8080/" "Mozilla/5.0 (X11; Linux x86_64) AppleWebKit/537.36 (KHTML, like Gecko) Chrome/127.0.0.0 Safari/537.36 Edg/127.0.2651.102"
10.141.42.4 - - [29/Aug/2024:09:56:02 +0000] "GET /public/images/avatar/16203527895041620352789458.png HTTP/1.1" 304 - "http://172.29.114.241:8080/" "Mozilla/5.0 (X11; Linux x86_64) AppleWebKit/537.36 (KHTML, like Gecko) Chrome/127.0.0.0 Safari/537.36 Edg/127.0.2651.102"
10.141.42.4 - - [29/Aug/2024:09:56:02 +0000] "GET /public/images/avatar/1617424043992u=2409086564,4092922119&fm=26&gp=0.jpg HTTP/1.1" 304 - "http://172.29.114.241:8080/" "Mozilla/5.0 (X11; Linux x86_64) AppleWebKit/537.36 (KHTML, like Gecko) Chrome/127.0.0.0 Safari/537.36 Edg/127.0.2651.102"
172.29.114.241 - - [29/Aug/2024:09:56:23 +0000] "OPTIONS /login HTTP/1.1" 204 0 "http://localhost:8080/" "Mozilla/5.0 (Windows NT 10.0; Win64; x64) AppleWebKit/537.36 (KHTML, like Gecko) Chrome/128.0.0.0 Safari/537.36 Edg/128.0.0.0"
172.29.114.241 - - [29/Aug/2024:09:56:23 +0000] "POST /login HTTP/1.1" 200 408 "http://localhost:8080/" "Mozilla/5.0 (Windows NT 10.0; Win64; x64) AppleWebKit/537.36 (KHTML, like Gecko) Chrome/128.0.0.0 Safari/537.36 Edg/128.0.0.0"
172.29.114.241 - - [29/Aug/2024:09:56:23 +0000] "GET /public/images/avatar/1724739684997am.jpg HTTP/1.1" 304 - "http://localhost:8080/" "Mozilla/5.0 (Windows NT 10.0; Win64; x64) AppleWebKit/537.36 (KHTML, like Gecko) Chrome/128.0.0.0 Safari/537.36 Edg/128.0.0.0"
172.29.114.241 - - [29/Aug/2024:09:56:23 +0000] "GET /public/images/avatar/16203527895041620352789458.png HTTP/1.1" 304 - "http://localhost:8080/" "Mozilla/5.0 (Windows NT 10.0; Win64; x64) AppleWebKit/537.36 (KHTML, like Gecko) Chrome/128.0.0.0 Safari/537.36 Edg/128.0.0.0"
172.29.114.241 - - [29/Aug/2024:09:56:23 +0000] "GET /public/images/avatar/1617424043992u=2409086564,4092922119&fm=26&gp=0.jpg HTTP/1.1" 304 - "http://localhost:8080/" "Mozilla/5.0 (Windows NT 10.0; Win64; x64) AppleWebKit/537.36 (KHTML, like Gecko) Chrome/128.0.0.0 Safari/537.36 Edg/128.0.0.0"
10.141.42.4 - - [29/Aug/2024:09:56:50 +0000] "GET /public/images/avatar/1617424043992u=2409086564,4092922119&fm=26&gp=0.jpg HTTP/1.1" 304 - "http://172.29.114.241:8080/" "Mozilla/5.0 (X11; Linux x86_64) AppleWebKit/537.36 (KHTML, like Gecko) Chrome/127.0.0.0 Safari/537.36 Edg/127.0.2651.102"
10.141.42.4 - - [29/Aug/2024:09:56:50 +0000] "GET /public/images/avatar/1724739684997am.jpg HTTP/1.1" 304 - "http://172.29.114.241:8080/" "Mozilla/5.0 (X11; Linux x86_64) AppleWebKit/537.36 (KHTML, like Gecko) Chrome/127.0.0.0 Safari/537.36 Edg/127.0.2651.102"
10.141.42.4 - - [29/Aug/2024:09:56:50 +0000] "GET /public/images/avatar/16203527895041620352789458.png HTTP/1.1" 304 - "http://172.29.114.241:8080/" "Mozilla/5.0 (X11; Linux x86_64) AppleWebKit/537.36 (KHTML, like Gecko) Chrome/127.0.0.0 Safari/537.36 Edg/127.0.2651.102"
172.29.114.241 - - [29/Aug/2024:10:02:31 +0000] "OPTIONS /login HTTP/1.1" 204 0 "http://172.29.114.241:8080/" "Mozilla/5.0 (Windows NT 10.0; Win64; x64) AppleWebKit/537.36 (KHTML, like Gecko) Chrome/128.0.0.0 Safari/537.36 Edg/128.0.0.0"
172.29.114.241 - - [29/Aug/2024:10:02:31 +0000] "POST /login HTTP/1.1" 200 408 "http://172.29.114.241:8080/" "Mozilla/5.0 (Windows NT 10.0; Win64; x64) AppleWebKit/537.36 (KHTML, like Gecko) Chrome/128.0.0.0 Safari/537.36 Edg/128.0.0.0"
172.29.114.241 - - [29/Aug/2024:10:02:31 +0000] "GET /public/images/avatar/1724739684997am.jpg HTTP/1.1" 304 - "http://172.29.114.241:8080/" "Mozilla/5.0 (Windows NT 10.0; Win64; x64) AppleWebKit/537.36 (KHTML, like Gecko) Chrome/128.0.0.0 Safari/537.36 Edg/128.0.0.0"
172.29.114.241 - - [29/Aug/2024:10:02:31 +0000] "GET /public/images/avatar/1617424043992u=2409086564,4092922119&fm=26&gp=0.jpg HTTP/1.1" 304 - "http://172.29.114.241:8080/" "Mozilla/5.0 (Windows NT 10.0; Win64; x64) AppleWebKit/537.36 (KHTML, like Gecko) Chrome/128.0.0.0 Safari/537.36 Edg/128.0.0.0"
172.29.114.241 - - [29/Aug/2024:10:02:50 +0000] "OPTIONS /login HTTP/1.1" 204 0 "http://172.29.114.241:8080/" "Mozilla/5.0 (Windows NT 10.0; Win64; x64) AppleWebKit/537.36 (KHTML, like Gecko) Chrome/128.0.0.0 Safari/537.36 Edg/128.0.0.0"
172.29.114.241 - - [29/Aug/2024:10:02:50 +0000] "POST /login HTTP/1.1" 200 425 "http://172.29.114.241:8080/" "Mozilla/5.0 (Windows NT 10.0; Win64; x64) AppleWebKit/537.36 (KHTML, like Gecko) Chrome/128.0.0.0 Safari/537.36 Edg/128.0.0.0"
172.29.114.241 - - [29/Aug/2024:10:02:51 +0000] "GET /public/images/avatar/16203527895041620352789458.png HTTP/1.1" 304 - "http://172.29.114.241:8080/" "Mozilla/5.0 (Windows NT 10.0; Win64; x64) AppleWebKit/537.36 (KHTML, like Gecko) Chrome/128.0.0.0 Safari/537.36 Edg/128.0.0.0"
172.29.114.241 - - [29/Aug/2024:10:02:51 +0000] "GET /public/images/avatar/16203527895041620352789458.png HTTP/1.1" 304 - "http://172.29.114.241:8080/" "Mozilla/5.0 (Windows NT 10.0; Win64; x64) AppleWebKit/537.36 (KHTML, like Gecko) Chrome/128.0.0.0 Safari/537.36 Edg/128.0.0.0"
172.29.114.241 - - [29/Aug/2024:10:02:51 +0000] "GET /public/images/avatar/1617424043992u=2409086564,4092922119&fm=26&gp=0.jpg HTTP/1.1" 304 - "http://172.29.114.241:8080/" "Mozilla/5.0 (Windows NT 10.0; Win64; x64) AppleWebKit/537.36 (KHTML, like Gecko) Chrome/128.0.0.0 Safari/537.36 Edg/128.0.0.0"
172.29.114.241 - - [29/Aug/2024:10:02:51 +0000] "GET /public/images/avatar/1724739684997am.jpg HTTP/1.1" 304 - "http://172.29.114.241:8080/" "Mozilla/5.0 (Windows NT 10.0; Win64; x64) AppleWebKit/537.36 (KHTML, like Gecko) Chrome/128.0.0.0 Safari/537.36 Edg/128.0.0.0"
172.29.114.241 - - [29/Aug/2024:10:06:43 +0000] "GET /public/images/avatar/1724739684997am.jpg HTTP/1.1" 200 25373 "http://172.29.114.241:8080/" "Mozilla/5.0 (Windows NT 10.0; Win64; x64) AppleWebKit/537.36 (KHTML, like Gecko) Chrome/128.0.0.0 Safari/537.36 Edg/128.0.0.0"
172.29.114.241 - - [29/Aug/2024:10:06:43 +0000] "GET /public/images/avatar/1617424043992u=2409086564,4092922119&fm=26&gp=0.jpg HTTP/1.1" 200 36888 "http://172.29.114.241:8080/" "Mozilla/5.0 (Windows NT 10.0; Win64; x64) AppleWebKit/537.36 (KHTML, like Gecko) Chrome/128.0.0.0 Safari/537.36 Edg/128.0.0.0"
172.29.114.241 - - [29/Aug/2024:10:06:53 +0000] "GET /public/images/avatar/16203527895041620352789458.png HTTP/1.1" 200 97749 "http://172.29.114.241:8080/" "Mozilla/5.0 (Windows NT 10.0; Win64; x64) AppleWebKit/537.36 (KHTML, like Gecko) Chrome/128.0.0.0 Safari/537.36 Edg/128.0.0.0"
172.29.114.241 - - [29/Aug/2024:10:06:53 +0000] "GET /public/images/avatar/1617424043992u=2409086564,4092922119&fm=26&gp=0.jpg HTTP/1.1" 304 - "http://172.29.114.241:8080/" "Mozilla/5.0 (Windows NT 10.0; Win64; x64) AppleWebKit/537.36 (KHTML, like Gecko) Chrome/128.0.0.0 Safari/537.36 Edg/128.0.0.0"
172.29.114.241 - - [29/Aug/2024:10:06:54 +0000] "GET /public/images/avatar/1724739684997am.jpg HTTP/1.1" 304 - "http://172.29.114.241:8080/" "Mozilla/5.0 (Windows NT 10.0; Win64; x64) AppleWebKit/537.36 (KHTML, like Gecko) Chrome/128.0.0.0 Safari/537.36 Edg/128.0.0.0"
172.29.114.241 - - [29/Aug/2024:10:06:54 +0000] "GET /public/images/avatar/1724739684997am.jpg HTTP/1.1" 304 - "http://172.29.114.241:8080/" "Mozilla/5.0 (Windows NT 10.0; Win64; x64) AppleWebKit/537.36 (KHTML, like Gecko) Chrome/128.0.0.0 Safari/537.36 Edg/128.0.0.0"
172.29.114.241 - - [29/Aug/2024:10:06:54 +0000] "GET /public/images/avatar/1617424043992u=2409086564,4092922119&fm=26&gp=0.jpg HTTP/1.1" 304 - "http://172.29.114.241:8080/" "Mozilla/5.0 (Windows NT 10.0; Win64; x64) AppleWebKit/537.36 (KHTML, like Gecko) Chrome/128.0.0.0 Safari/537.36 Edg/128.0.0.0"
172.29.114.241 - - [29/Aug/2024:10:06:54 +0000] "GET /public/images/avatar/16203527895041620352789458.png HTTP/1.1" 304 - "http://172.29.114.241:8080/" "Mozilla/5.0 (Windows NT 10.0; Win64; x64) AppleWebKit/537.36 (KHTML, like Gecko) Chrome/128.0.0.0 Safari/537.36 Edg/128.0.0.0"
10.141.42.4 - - [29/Aug/2024:10:09:25 +0000] "OPTIONS /login HTTP/1.1" 204 0 "http://172.29.114.241:8080/" "Mozilla/5.0 (X11; Linux x86_64) AppleWebKit/537.36 (KHTML, like Gecko) Chrome/127.0.0.0 Safari/537.36 Edg/127.0.2651.102"
10.141.42.4 - - [29/Aug/2024:10:09:25 +0000] "POST /login HTTP/1.1" 200 458 "http://172.29.114.241:8080/" "Mozilla/5.0 (X11; Linux x86_64) AppleWebKit/537.36 (KHTML, like Gecko) Chrome/127.0.0.0 Safari/537.36 Edg/127.0.2651.102"
172.29.114.241 - - [29/Aug/2024:10:09:26 +0000] "GET /public/images/avatar/1617424043992u=2409086564,4092922119&fm=26&gp=0.jpg HTTP/1.1" 304 - "http://172.29.114.241:8080/" "Mozilla/5.0 (Windows NT 10.0; Win64; x64) AppleWebKit/537.36 (KHTML, like Gecko) Chrome/128.0.0.0 Safari/537.36 Edg/128.0.0.0"
172.29.114.241 - - [29/Aug/2024:10:09:26 +0000] "GET /public/images/avatar/1617424043992u=2409086564,4092922119&fm=26&gp=0.jpg HTTP/1.1" 304 - "http://172.29.114.241:8080/" "Mozilla/5.0 (Windows NT 10.0; Win64; x64) AppleWebKit/537.36 (KHTML, like Gecko) Chrome/128.0.0.0 Safari/537.36 Edg/128.0.0.0"
10.141.42.4 - - [29/Aug/2024:10:09:26 +0000] "GET /public/images/avatar/1617424043992u=2409086564,4092922119&fm=26&gp=0.jpg HTTP/1.1" 304 - "http://172.29.114.241:8080/" "Mozilla/5.0 (X11; Linux x86_64) AppleWebKit/537.36 (KHTML, like Gecko) Chrome/127.0.0.0 Safari/537.36 Edg/127.0.2651.102"
10.141.42.4 - - [29/Aug/2024:10:09:26 +0000] "GET /public/images/avatar/16203527895041620352789458.png HTTP/1.1" 304 - "http://172.29.114.241:8080/" "Mozilla/5.0 (X11; Linux x86_64) AppleWebKit/537.36 (KHTML, like Gecko) Chrome/127.0.0.0 Safari/537.36 Edg/127.0.2651.102"
10.141.42.4 - - [29/Aug/2024:10:09:26 +0000] "GET /public/images/avatar/1724739684997am.jpg HTTP/1.1" 304 - "http://172.29.114.241:8080/" "Mozilla/5.0 (X11; Linux x86_64) AppleWebKit/537.36 (KHTML, like Gecko) Chrome/127.0.0.0 Safari/537.36 Edg/127.0.2651.102"
172.29.114.241 - - [29/Aug/2024:10:10:07 +0000] "GET /public/images/avatar/1724739684997am.jpg HTTP/1.1" 304 - "http://172.29.114.241:8080/" "Mozilla/5.0 (Windows NT 10.0; Win64; x64) AppleWebKit/537.36 (KHTML, like Gecko) Chrome/128.0.0.0 Safari/537.36 Edg/128.0.0.0"
172.29.114.241 - - [29/Aug/2024:10:10:07 +0000] "GET /public/images/avatar/16203527895041620352789458.png HTTP/1.1" 304 - "http://172.29.114.241:8080/" "Mozilla/5.0 (Windows NT 10.0; Win64; x64) AppleWebKit/537.36 (KHTML, like Gecko) Chrome/128.0.0.0 Safari/537.36 Edg/128.0.0.0"
172.29.114.241 - - [29/Aug/2024:10:10:07 +0000] "GET /public/images/avatar/1617424043992u=2409086564,4092922119&fm=26&gp=0.jpg HTTP/1.1" 304 - "http://172.29.114.241:8080/" "Mozilla/5.0 (Windows NT 10.0; Win64; x64) AppleWebKit/537.36 (KHTML, like Gecko) Chrome/128.0.0.0 Safari/537.36 Edg/128.0.0.0"
172.29.114.241 - - [29/Aug/2024:10:10:08 +0000] "GET /public/images/avatar/16203527895041620352789458.png HTTP/1.1" 304 - "http://172.29.114.241:8080/" "Mozilla/5.0 (Windows NT 10.0; Win64; x64) AppleWebKit/537.36 (KHTML, like Gecko) Chrome/128.0.0.0 Safari/537.36 Edg/128.0.0.0"
172.29.114.241 - - [29/Aug/2024:10:10:08 +0000] "GET /public/images/avatar/1617424043992u=2409086564,4092922119&fm=26&gp=0.jpg HTTP/1.1" 304 - "http://172.29.114.241:8080/" "Mozilla/5.0 (Windows NT 10.0; Win64; x64) AppleWebKit/537.36 (KHTML, like Gecko) Chrome/128.0.0.0 Safari/537.36 Edg/128.0.0.0"
172.29.114.241 - - [29/Aug/2024:10:10:08 +0000] "GET /public/images/avatar/1724739684997am.jpg HTTP/1.1" 304 - "http://172.29.114.241:8080/" "Mozilla/5.0 (Windows NT 10.0; Win64; x64) AppleWebKit/537.36 (KHTML, like Gecko) Chrome/128.0.0.0 Safari/537.36 Edg/128.0.0.0"
10.141.42.4 - - [29/Aug/2024:10:10:12 +0000] "GET /public/images/avatar/1617424043992u=2409086564,4092922119&fm=26&gp=0.jpg HTTP/1.1" 304 - "http://172.29.114.241:8080/" "Mozilla/5.0 (X11; Linux x86_64) AppleWebKit/537.36 (KHTML, like Gecko) Chrome/127.0.0.0 Safari/537.36 Edg/127.0.2651.102"
10.141.42.4 - - [29/Aug/2024:10:10:12 +0000] "GET /public/images/avatar/1724739684997am.jpg HTTP/1.1" 304 - "http://172.29.114.241:8080/" "Mozilla/5.0 (X11; Linux x86_64) AppleWebKit/537.36 (KHTML, like Gecko) Chrome/127.0.0.0 Safari/537.36 Edg/127.0.2651.102"
10.141.42.4 - - [29/Aug/2024:10:10:12 +0000] "GET /public/images/avatar/16203527895041620352789458.png HTTP/1.1" 304 - "http://172.29.114.241:8080/" "Mozilla/5.0 (X11; Linux x86_64) AppleWebKit/537.36 (KHTML, like Gecko) Chrome/127.0.0.0 Safari/537.36 Edg/127.0.2651.102"
10.141.42.19 - - [29/Aug/2024:10:20:23 +0000] "OPTIONS /login HTTP/1.1" 204 0 "http://172.29.114.241:8080/" "Mozilla/5.0 (Windows NT 10.0; Win64; x64) AppleWebKit/537.36 (KHTML, like Gecko) Chrome/128.0.0.0 Safari/537.36 Edg/128.0.0.0"
10.141.42.19 - - [29/Aug/2024:10:20:23 +0000] "POST /login HTTP/1.1" 200 458 "http://172.29.114.241:8080/" "Mozilla/5.0 (Windows NT 10.0; Win64; x64) AppleWebKit/537.36 (KHTML, like Gecko) Chrome/128.0.0.0 Safari/537.36 Edg/128.0.0.0"
172.29.114.241 - - [29/Aug/2024:10:20:23 +0000] "GET /public/images/avatar/1617424043992u=2409086564,4092922119&fm=26&gp=0.jpg HTTP/1.1" 304 - "http://172.29.114.241:8080/" "Mozilla/5.0 (Windows NT 10.0; Win64; x64) AppleWebKit/537.36 (KHTML, like Gecko) Chrome/128.0.0.0 Safari/537.36 Edg/128.0.0.0"
10.141.42.19 - - [29/Aug/2024:10:20:23 +0000] "GET /public/images/avatar/1617424043992u=2409086564,4092922119&fm=26&gp=0.jpg HTTP/1.1" 200 36888 "http://172.29.114.241:8080/" "Mozilla/5.0 (Windows NT 10.0; Win64; x64) AppleWebKit/537.36 (KHTML, like Gecko) Chrome/128.0.0.0 Safari/537.36 Edg/128.0.0.0"
10.141.42.19 - - [29/Aug/2024:10:20:23 +0000] "GET /public/images/avatar/1724739684997am.jpg HTTP/1.1" 200 25373 "http://172.29.114.241:8080/" "Mozilla/5.0 (Windows NT 10.0; Win64; x64) AppleWebKit/537.36 (KHTML, like Gecko) Chrome/128.0.0.0 Safari/537.36 Edg/128.0.0.0"
10.141.42.19 - - [29/Aug/2024:10:20:23 +0000] "GET /public/images/avatar/16203527895041620352789458.png HTTP/1.1" 200 97749 "http://172.29.114.241:8080/" "Mozilla/5.0 (Windows NT 10.0; Win64; x64) AppleWebKit/537.36 (KHTML, like Gecko) Chrome/128.0.0.0 Safari/537.36 Edg/128.0.0.0"
10.141.42.19 - - [29/Aug/2024:10:21:34 +0000] "GET /public/images/avatar/1617424043992u=2409086564,4092922119&fm=26&gp=0.jpg HTTP/1.1" 304 - "http://172.29.114.241:8080/" "Mozilla/5.0 (Windows NT 10.0; Win64; x64) AppleWebKit/537.36 (KHTML, like Gecko) Chrome/128.0.0.0 Safari/537.36 Edg/128.0.0.0"
10.141.42.19 - - [29/Aug/2024:10:21:34 +0000] "GET /public/images/avatar/1724739684997am.jpg HTTP/1.1" 304 - "http://172.29.114.241:8080/" "Mozilla/5.0 (Windows NT 10.0; Win64; x64) AppleWebKit/537.36 (KHTML, like Gecko) Chrome/128.0.0.0 Safari/537.36 Edg/128.0.0.0"
10.141.42.19 - - [29/Aug/2024:10:21:34 +0000] "GET /public/images/avatar/16203527895041620352789458.png HTTP/1.1" 304 - "http://172.29.114.241:8080/" "Mozilla/5.0 (Windows NT 10.0; Win64; x64) AppleWebKit/537.36 (KHTML, like Gecko) Chrome/128.0.0.0 Safari/537.36 Edg/128.0.0.0"
172.29.114.241 - - [29/Aug/2024:10:21:52 +0000] "GET /public/images/avatar/16203527895041620352789458.png HTTP/1.1" 304 - "http://172.29.114.241:8080/" "Mozilla/5.0 (Windows NT 10.0; Win64; x64) AppleWebKit/537.36 (KHTML, like Gecko) Chrome/128.0.0.0 Safari/537.36 Edg/128.0.0.0"
172.29.114.241 - - [29/Aug/2024:10:21:52 +0000] "GET /public/images/avatar/1724739684997am.jpg HTTP/1.1" 304 - "http://172.29.114.241:8080/" "Mozilla/5.0 (Windows NT 10.0; Win64; x64) AppleWebKit/537.36 (KHTML, like Gecko) Chrome/128.0.0.0 Safari/537.36 Edg/128.0.0.0"
172.29.114.241 - - [29/Aug/2024:10:21:52 +0000] "GET /public/images/avatar/1617424043992u=2409086564,4092922119&fm=26&gp=0.jpg HTTP/1.1" 304 - "http://172.29.114.241:8080/" "Mozilla/5.0 (Windows NT 10.0; Win64; x64) AppleWebKit/537.36 (KHTML, like Gecko) Chrome/128.0.0.0 Safari/537.36 Edg/128.0.0.0"
172.29.114.241 - - [29/Aug/2024:10:24:00 +0000] "GET /public/images/avatar/16203527895041620352789458.png HTTP/1.1" 304 - "http://172.29.114.241:8080/" "Mozilla/5.0 (Windows NT 10.0; Win64; x64) AppleWebKit/537.36 (KHTML, like Gecko) Chrome/128.0.0.0 Safari/537.36 Edg/128.0.0.0"
172.29.114.241 - - [29/Aug/2024:10:24:00 +0000] "GET /public/images/avatar/1724739684997am.jpg HTTP/1.1" 304 - "http://172.29.114.241:8080/" "Mozilla/5.0 (Windows NT 10.0; Win64; x64) AppleWebKit/537.36 (KHTML, like Gecko) Chrome/128.0.0.0 Safari/537.36 Edg/128.0.0.0"
172.29.114.241 - - [29/Aug/2024:10:24:00 +0000] "GET /public/images/avatar/1617424043992u=2409086564,4092922119&fm=26&gp=0.jpg HTTP/1.1" 304 - "http://172.29.114.241:8080/" "Mozilla/5.0 (Windows NT 10.0; Win64; x64) AppleWebKit/537.36 (KHTML, like Gecko) Chrome/128.0.0.0 Safari/537.36 Edg/128.0.0.0"
172.29.114.241 - - [29/Aug/2024:10:24:09 +0000] "GET /public/images/avatar/1724739684997am.jpg HTTP/1.1" 304 - "http://172.29.114.241:8080/" "Mozilla/5.0 (Windows NT 10.0; Win64; x64) AppleWebKit/537.36 (KHTML, like Gecko) Chrome/128.0.0.0 Safari/537.36 Edg/128.0.0.0"
172.29.114.241 - - [29/Aug/2024:10:24:09 +0000] "GET /public/images/avatar/1617424043992u=2409086564,4092922119&fm=26&gp=0.jpg HTTP/1.1" 304 - "http://172.29.114.241:8080/" "Mozilla/5.0 (Windows NT 10.0; Win64; x64) AppleWebKit/537.36 (KHTML, like Gecko) Chrome/128.0.0.0 Safari/537.36 Edg/128.0.0.0"
172.29.114.241 - - [29/Aug/2024:10:24:09 +0000] "GET /public/images/avatar/16203527895041620352789458.png HTTP/1.1" 304 - "http://172.29.114.241:8080/" "Mozilla/5.0 (Windows NT 10.0; Win64; x64) AppleWebKit/537.36 (KHTML, like Gecko) Chrome/128.0.0.0 Safari/537.36 Edg/128.0.0.0"
10.141.42.19 - - [29/Aug/2024:10:24:25 +0000] "GET /public/images/avatar/1617424043992u=2409086564,4092922119&fm=26&gp=0.jpg HTTP/1.1" 304 - "http://172.29.114.241:8080/" "Mozilla/5.0 (Windows NT 10.0; Win64; x64) AppleWebKit/537.36 (KHTML, like Gecko) Chrome/128.0.0.0 Safari/537.36 Edg/128.0.0.0"
10.141.42.19 - - [29/Aug/2024:10:24:25 +0000] "GET /public/images/avatar/16203527895041620352789458.png HTTP/1.1" 304 - "http://172.29.114.241:8080/" "Mozilla/5.0 (Windows NT 10.0; Win64; x64) AppleWebKit/537.36 (KHTML, like Gecko) Chrome/128.0.0.0 Safari/537.36 Edg/128.0.0.0"
10.141.42.19 - - [29/Aug/2024:10:24:25 +0000] "GET /public/images/avatar/1724739684997am.jpg HTTP/1.1" 304 - "http://172.29.114.241:8080/" "Mozilla/5.0 (Windows NT 10.0; Win64; x64) AppleWebKit/537.36 (KHTML, like Gecko) Chrome/128.0.0.0 Safari/537.36 Edg/128.0.0.0"
172.29.114.241 - - [29/Aug/2024:10:50:57 +0000] "OPTIONS /login HTTP/1.1" 204 0 "http://172.29.114.241:8080/" "Mozilla/5.0 (Windows NT 10.0; Win64; x64) AppleWebKit/537.36 (KHTML, like Gecko) Chrome/128.0.0.0 Safari/537.36 Edg/128.0.0.0"
172.29.114.241 - - [29/Aug/2024:10:50:58 +0000] "POST /login HTTP/1.1" 200 408 "http://172.29.114.241:8080/" "Mozilla/5.0 (Windows NT 10.0; Win64; x64) AppleWebKit/537.36 (KHTML, like Gecko) Chrome/128.0.0.0 Safari/537.36 Edg/128.0.0.0"
172.29.114.241 - - [29/Aug/2024:10:50:58 +0000] "GET /public/images/avatar/1724739684997am.jpg HTTP/1.1" 200 25373 "http://172.29.114.241:8080/" "Mozilla/5.0 (Windows NT 10.0; Win64; x64) AppleWebKit/537.36 (KHTML, like Gecko) Chrome/128.0.0.0 Safari/537.36 Edg/128.0.0.0"
10.141.42.19 - - [29/Aug/2024:10:51:46 +0000] "OPTIONS /login HTTP/1.1" 204 0 "http://172.29.114.241:8080/" "Mozilla/5.0 (Windows NT 10.0; Win64; x64) AppleWebKit/537.36 (KHTML, like Gecko) Chrome/128.0.0.0 Safari/537.36 Edg/128.0.0.0"
10.141.42.19 - - [29/Aug/2024:10:51:46 +0000] "POST /login HTTP/1.1" 200 458 "http://172.29.114.241:8080/" "Mozilla/5.0 (Windows NT 10.0; Win64; x64) AppleWebKit/537.36 (KHTML, like Gecko) Chrome/128.0.0.0 Safari/537.36 Edg/128.0.0.0"
172.29.114.241 - - [29/Aug/2024:10:51:46 +0000] "GET /public/images/avatar/1617424043992u=2409086564,4092922119&fm=26&gp=0.jpg HTTP/1.1" 200 36888 "http://172.29.114.241:8080/" "Mozilla/5.0 (Windows NT 10.0; Win64; x64) AppleWebKit/537.36 (KHTML, like Gecko) Chrome/128.0.0.0 Safari/537.36 Edg/128.0.0.0"
10.141.42.19 - - [29/Aug/2024:10:51:46 +0000] "GET /public/images/avatar/1617424043992u=2409086564,4092922119&fm=26&gp=0.jpg HTTP/1.1" 304 - "http://172.29.114.241:8080/" "Mozilla/5.0 (Windows NT 10.0; Win64; x64) AppleWebKit/537.36 (KHTML, like Gecko) Chrome/128.0.0.0 Safari/537.36 Edg/128.0.0.0"
10.141.42.19 - - [29/Aug/2024:10:51:46 +0000] "GET /public/images/avatar/1724739684997am.jpg HTTP/1.1" 304 - "http://172.29.114.241:8080/" "Mozilla/5.0 (Windows NT 10.0; Win64; x64) AppleWebKit/537.36 (KHTML, like Gecko) Chrome/128.0.0.0 Safari/537.36 Edg/128.0.0.0"
172.29.138.133 - - [29/Aug/2024:10:53:20 +0000] "GET /public/images/avatar/1617424043992u=2409086564,4092922119&fm=26&gp=0.jpg HTTP/1.1" 304 - "http://172.29.114.241:8080/" "Mozilla/5.0 (Windows NT 10.0; Win64; x64) AppleWebKit/537.36 (KHTML, like Gecko) Chrome/128.0.0.0 Safari/537.36 Edg/128.0.0.0"
172.29.138.133 - - [29/Aug/2024:10:53:20 +0000] "GET /public/images/avatar/1724739684997am.jpg HTTP/1.1" 304 - "http://172.29.114.241:8080/" "Mozilla/5.0 (Windows NT 10.0; Win64; x64) AppleWebKit/537.36 (KHTML, like Gecko) Chrome/128.0.0.0 Safari/537.36 Edg/128.0.0.0"
172.29.114.241 - - [29/Aug/2024:10:53:49 +0000] "GET /public/images/avatar/1724739684997am.jpg HTTP/1.1" 304 - "http://172.29.114.241:8080/" "Mozilla/5.0 (Windows NT 10.0; Win64; x64) AppleWebKit/537.36 (KHTML, like Gecko) Chrome/128.0.0.0 Safari/537.36 Edg/128.0.0.0"
172.29.114.241 - - [29/Aug/2024:10:53:49 +0000] "GET /public/images/avatar/1617424043992u=2409086564,4092922119&fm=26&gp=0.jpg HTTP/1.1" 304 - "http://172.29.114.241:8080/" "Mozilla/5.0 (Windows NT 10.0; Win64; x64) AppleWebKit/537.36 (KHTML, like Gecko) Chrome/128.0.0.0 Safari/537.36 Edg/128.0.0.0"
172.29.114.241 - - [29/Aug/2024:10:57:08 +0000] "GET /public/images/avatar/1724739684997am.jpg HTTP/1.1" 304 - "http://172.29.114.241:8080/" "Mozilla/5.0 (Windows NT 10.0; Win64; x64) AppleWebKit/537.36 (KHTML, like Gecko) Chrome/128.0.0.0 Safari/537.36 Edg/128.0.0.0"
172.29.114.241 - - [29/Aug/2024:10:57:08 +0000] "GET /public/images/avatar/1617424043992u=2409086564,4092922119&fm=26&gp=0.jpg HTTP/1.1" 304 - "http://172.29.114.241:8080/" "Mozilla/5.0 (Windows NT 10.0; Win64; x64) AppleWebKit/537.36 (KHTML, like Gecko) Chrome/128.0.0.0 Safari/537.36 Edg/128.0.0.0"
172.29.138.133 - - [29/Aug/2024:10:57:18 +0000] "GET /public/images/avatar/1617424043992u=2409086564,4092922119&fm=26&gp=0.jpg HTTP/1.1" 304 - "http://172.29.114.241:8080/" "Mozilla/5.0 (Windows NT 10.0; Win64; x64) AppleWebKit/537.36 (KHTML, like Gecko) Chrome/128.0.0.0 Safari/537.36 Edg/128.0.0.0"
172.29.138.133 - - [29/Aug/2024:10:57:18 +0000] "GET /public/images/avatar/1724739684997am.jpg HTTP/1.1" 304 - "http://172.29.114.241:8080/" "Mozilla/5.0 (Windows NT 10.0; Win64; x64) AppleWebKit/537.36 (KHTML, like Gecko) Chrome/128.0.0.0 Safari/537.36 Edg/128.0.0.0"
172.29.114.241 - - [29/Aug/2024:11:38:34 +0000] "GET /public/images/avatar/1724739684997am.jpg HTTP/1.1" 304 - "http://172.29.114.241:8080/" "Mozilla/5.0 (Windows NT 10.0; Win64; x64) AppleWebKit/537.36 (KHTML, like Gecko) Chrome/128.0.0.0 Safari/537.36 Edg/128.0.0.0"
172.29.114.241 - - [29/Aug/2024:11:38:34 +0000] "GET /public/images/avatar/1617424043992u=2409086564,4092922119&fm=26&gp=0.jpg HTTP/1.1" 304 - "http://172.29.114.241:8080/" "Mozilla/5.0 (Windows NT 10.0; Win64; x64) AppleWebKit/537.36 (KHTML, like Gecko) Chrome/128.0.0.0 Safari/537.36 Edg/128.0.0.0"
172.29.138.133 - - [29/Aug/2024:11:38:49 +0000] "GET /public/images/avatar/1617424043992u=2409086564,4092922119&fm=26&gp=0.jpg HTTP/1.1" 304 - "http://172.29.114.241:8080/" "Mozilla/5.0 (Windows NT 10.0; Win64; x64) AppleWebKit/537.36 (KHTML, like Gecko) Chrome/128.0.0.0 Safari/537.36 Edg/128.0.0.0"
172.29.138.133 - - [29/Aug/2024:11:38:49 +0000] "GET /public/images/avatar/1724739684997am.jpg HTTP/1.1" 304 - "http://172.29.114.241:8080/" "Mozilla/5.0 (Windows NT 10.0; Win64; x64) AppleWebKit/537.36 (KHTML, like Gecko) Chrome/128.0.0.0 Safari/537.36 Edg/128.0.0.0"
10.141.42.4 - - [29/Aug/2024:11:43:15 +0000] "OPTIONS /login HTTP/1.1" 204 0 "http://172.29.114.241:8080/" "Mozilla/5.0 (X11; Linux x86_64) AppleWebKit/537.36 (KHTML, like Gecko) Chrome/127.0.0.0 Safari/537.36 Edg/127.0.2651.102"
10.141.42.4 - - [29/Aug/2024:11:43:15 +0000] "POST /login HTTP/1.1" 200 458 "http://172.29.114.241:8080/" "Mozilla/5.0 (X11; Linux x86_64) AppleWebKit/537.36 (KHTML, like Gecko) Chrome/127.0.0.0 Safari/537.36 Edg/127.0.2651.102"
10.141.42.4 - - [29/Aug/2024:11:43:15 +0000] "GET /public/images/avatar/1617424043992u=2409086564,4092922119&fm=26&gp=0.jpg HTTP/1.1" 304 - "http://172.29.114.241:8080/" "Mozilla/5.0 (X11; Linux x86_64) AppleWebKit/537.36 (KHTML, like Gecko) Chrome/127.0.0.0 Safari/537.36 Edg/127.0.2651.102"
10.141.42.4 - - [29/Aug/2024:11:43:15 +0000] "GET /public/images/avatar/1724739684997am.jpg HTTP/1.1" 304 - "http://172.29.114.241:8080/" "Mozilla/5.0 (X11; Linux x86_64) AppleWebKit/537.36 (KHTML, like Gecko) Chrome/127.0.0.0 Safari/537.36 Edg/127.0.2651.102"
172.29.114.241 - - [29/Aug/2024:11:43:25 +0000] "GET /public/images/avatar/1724739684997am.jpg HTTP/1.1" 304 - "http://172.29.114.241:8080/" "Mozilla/5.0 (Windows NT 10.0; Win64; x64) AppleWebKit/537.36 (KHTML, like Gecko) Chrome/128.0.0.0 Safari/537.36 Edg/128.0.0.0"
172.29.114.241 - - [29/Aug/2024:11:43:25 +0000] "GET /public/images/avatar/1617424043992u=2409086564,4092922119&fm=26&gp=0.jpg HTTP/1.1" 304 - "http://172.29.114.241:8080/" "Mozilla/5.0 (Windows NT 10.0; Win64; x64) AppleWebKit/537.36 (KHTML, like Gecko) Chrome/128.0.0.0 Safari/537.36 Edg/128.0.0.0"
172.29.138.133 - - [29/Aug/2024:11:44:36 +0000] "GET /public/images/avatar/1617424043992u=2409086564,4092922119&fm=26&gp=0.jpg HTTP/1.1" 304 - "http://172.29.114.241:8080/" "Mozilla/5.0 (Windows NT 10.0; Win64; x64) AppleWebKit/537.36 (KHTML, like Gecko) Chrome/128.0.0.0 Safari/537.36 Edg/128.0.0.0"
172.29.138.133 - - [29/Aug/2024:11:44:36 +0000] "GET /public/images/avatar/1724739684997am.jpg HTTP/1.1" 304 - "http://172.29.114.241:8080/" "Mozilla/5.0 (Windows NT 10.0; Win64; x64) AppleWebKit/537.36 (KHTML, like Gecko) Chrome/128.0.0.0 Safari/537.36 Edg/128.0.0.0"
172.29.138.133 - - [29/Aug/2024:11:45:30 +0000] "GET / HTTP/1.1" 200 12 "-" "Mozilla/5.0 (Windows NT 10.0; Win64; x64) AppleWebKit/537.36 (KHTML, like Gecko) Chrome/128.0.0.0 Safari/537.36 Edg/128.0.0.0"
172.29.138.133 - - [29/Aug/2024:11:45:30 +0000] "GET /favicon.ico HTTP/1.1" 404 150 "http://172.29.114.241:4000/" "Mozilla/5.0 (Windows NT 10.0; Win64; x64) AppleWebKit/537.36 (KHTML, like Gecko) Chrome/128.0.0.0 Safari/537.36 Edg/128.0.0.0"
172.29.138.133 - - [29/Aug/2024:12:31:50 +0000] "GET /public/images/avatar/1617424043992u=2409086564,4092922119&fm=26&gp=0.jpg HTTP/1.1" 304 - "http://172.29.114.241:8080/" "Mozilla/5.0 (Windows NT 10.0; Win64; x64) AppleWebKit/537.36 (KHTML, like Gecko) Chrome/128.0.0.0 Safari/537.36 Edg/128.0.0.0"
172.29.138.133 - - [29/Aug/2024:12:31:50 +0000] "GET /public/images/avatar/1724739684997am.jpg HTTP/1.1" 304 - "http://172.29.114.241:8080/" "Mozilla/5.0 (Windows NT 10.0; Win64; x64) AppleWebKit/537.36 (KHTML, like Gecko) Chrome/128.0.0.0 Safari/537.36 Edg/128.0.0.0"
172.29.114.241 - - [29/Aug/2024:12:32:01 +0000] "GET /public/images/avatar/1724739684997am.jpg HTTP/1.1" 304 - "http://172.29.114.241:8080/" "Mozilla/5.0 (Windows NT 10.0; Win64; x64) AppleWebKit/537.36 (KHTML, like Gecko) Chrome/128.0.0.0 Safari/537.36 Edg/128.0.0.0"
172.29.114.241 - - [29/Aug/2024:12:32:01 +0000] "GET /public/images/avatar/1617424043992u=2409086564,4092922119&fm=26&gp=0.jpg HTTP/1.1" 304 - "http://172.29.114.241:8080/" "Mozilla/5.0 (Windows NT 10.0; Win64; x64) AppleWebKit/537.36 (KHTML, like Gecko) Chrome/128.0.0.0 Safari/537.36 Edg/128.0.0.0"
172.29.114.241 - - [29/Aug/2024:12:52:00 +0000] "GET /public/images/avatar/1724739684997am.jpg HTTP/1.1" 304 - "http://172.29.114.241:8080/" "Mozilla/5.0 (Windows NT 10.0; Win64; x64) AppleWebKit/537.36 (KHTML, like Gecko) Chrome/128.0.0.0 Safari/537.36 Edg/128.0.0.0"
172.29.114.241 - - [29/Aug/2024:12:52:00 +0000] "GET /public/images/avatar/1617424043992u=2409086564,4092922119&fm=26&gp=0.jpg HTTP/1.1" 304 - "http://172.29.114.241:8080/" "Mozilla/5.0 (Windows NT 10.0; Win64; x64) AppleWebKit/537.36 (KHTML, like Gecko) Chrome/128.0.0.0 Safari/537.36 Edg/128.0.0.0"
172.29.138.133 - - [29/Aug/2024:12:52:06 +0000] "GET /public/images/avatar/1617424043992u=2409086564,4092922119&fm=26&gp=0.jpg HTTP/1.1" 304 - "http://172.29.114.241:8080/" "Mozilla/5.0 (Windows NT 10.0; Win64; x64) AppleWebKit/537.36 (KHTML, like Gecko) Chrome/128.0.0.0 Safari/537.36 Edg/128.0.0.0"
172.29.138.133 - - [29/Aug/2024:12:52:06 +0000] "GET /public/images/avatar/1724739684997am.jpg HTTP/1.1" 304 - "http://172.29.114.241:8080/" "Mozilla/5.0 (Windows NT 10.0; Win64; x64) AppleWebKit/537.36 (KHTML, like Gecko) Chrome/128.0.0.0 Safari/537.36 Edg/128.0.0.0"
172.29.114.241 - - [29/Aug/2024:12:53:22 +0000] "GET /public/images/avatar/1617424043992u=2409086564,4092922119&fm=26&gp=0.jpg HTTP/1.1" 304 - "http://172.29.114.241:8080/" "Mozilla/5.0 (Windows NT 10.0; Win64; x64) AppleWebKit/537.36 (KHTML, like Gecko) Chrome/128.0.0.0 Safari/537.36 Edg/128.0.0.0"
172.29.138.133 - - [29/Aug/2024:12:53:22 +0000] "GET /public/images/avatar/1617424043992u=2409086564,4092922119&fm=26&gp=0.jpg HTTP/1.1" 304 - "http://172.29.114.241:8080/" "Mozilla/5.0 (Windows NT 10.0; Win64; x64) AppleWebKit/537.36 (KHTML, like Gecko) Chrome/128.0.0.0 Safari/537.36 Edg/128.0.0.0"
172.29.138.133 - - [29/Aug/2024:12:53:22 +0000] "GET /public/images/avatar/1724739684997am.jpg HTTP/1.1" 304 - "http://172.29.114.241:8080/" "Mozilla/5.0 (Windows NT 10.0; Win64; x64) AppleWebKit/537.36 (KHTML, like Gecko) Chrome/128.0.0.0 Safari/537.36 Edg/128.0.0.0"
